
> career-gap-frontend@0.0.0 build
> tsc && vite build

[36mvite v5.4.21 [32mbuilding for production...[36m[39m
transforming...
[32mΓ£ô[39m 2774 modules transformed.
rendering chunks...
computing gzip size...
[2mdist/[22m[32mindex.html                 [39m[1m[2m  1.07 kB[22m[1m[22m[2m Γöé gzip:   0.58 kB[22m
[2mdist/[22m[35massets/index-CxXlWE0I.css  [39m[1m[2m 43.16 kB[22m[1m[22m[2m Γöé gzip:   7.35 kB[22m
[2mdist/[22m[36massets/index-qDUYmu8Y.js   [39m[1m[33m990.67 kB[39m[22m[2m Γöé gzip: 282.71 kB[22m
node.exe : [33m
At line:1 char:1
+ & "C:\Program Files\nodejs/node.exe" 
"C:\Program Files\nodejs/node_mo ...
+ ~~~~~~~~~~~~~~~~~~~~~~~~~~~~~~~~~~~~~~~
~~~~~~~~~~~~~~~~~~~~~~~~~~~~~~
    + CategoryInfo          : NotSpecifi 
   ed: ([33m:String) [], RemoteExcepti  
  on
    + FullyQualifiedErrorId : NativeComm 
   andError
 
(!) Some chunks are larger than 500 kB 
after minification. Consider:
- Using dynamic import() to code-split 
the application
- Use 
build.rollupOptions.output.manualChunks 
to improve chunking: https://rollupjs.org
/configuration-options/#output-manualchun
ks
- Adjust chunk size limit for this 
warning via 
build.chunkSizeWarningLimit.[39m
[32mΓ£ô built in 8.48s[39m
